// Jest Snapshot v1, https://goo.gl/fbAQLP

exports[`Button component Match Snapshot 1`] = `
<RCTSafeAreaView
  emulateUnlessSupported={true}
  style={
    Object {
      "alignItems": "center",
      "flex": 1,
      "justifyContent": "center",
    }
  }
>
  <View
    accessible={true}
    collapsable={false}
    focusable={true}
    onBlur={[Function]}
    onClick={[Function]}
    onFocus={[Function]}
    onResponderGrant={[Function]}
    onResponderMove={[Function]}
    onResponderRelease={[Function]}
    onResponderTerminate={[Function]}
    onResponderTerminationRequest={[Function]}
    onStartShouldSetResponder={[Function]}
    style={
      Object {
        "alignItems": "center",
        "backgroundColor": "#05259b",
        "borderRadius": 8,
        "height": 40,
        "justifyContent": "center",
        "width": 100,
      }
    }
  >
    <Text
      style={
        Object {
          "color": "#ffffff",
        }
      }
    >
      TEMPLATE
    </Text>
  </View>
</RCTSafeAreaView>
`;
